N4hk1Tk,CSXqfaGAv,Tc7L
QCBFE,fQgHv
Y4lfkAT,dzUalj1y
dvvIO,DdgQKO5lJ,wJkMUR
