name2,160
name4,88,8888
name5,This
name99,Hello,World,is
