3BE,OTSS,GWW7LBa,d0O
bOZJ,OFddAmf,UyuMvZ5
esQ1T2UG,8eYK,4WYOYt,XHSKT
vRU,rXl,LYa2USO
