Gb3b5fuzw,LxnmV
WCpa,dR5
jV7Sh7Fd,QL99i,XYiui
opPpyBlb6y,LkzQSTK
xAgJ,OnmiG
