A1101,alpha,0112,****----****
A1102,beta
A1103,gamma,34.240
B1101,eta
