ZIkj4KtnY,sBp8OZ7s,91IS,Ceq0yp9I
rgH0Yf,U3mdvSam,kY69YkJK2,Ck5,TJJsau
