1pn0,STgCye,vY9m
2YeGxZDWxV,pGKGl4,JYqidAfS
tfIDz4D8,ydioMOGBGO,ORyYVeJ
