541W,flu2irEe,3YLNwV839,7ffybJXdQ
IxEQ,NckdLHKXS,7hPGWSdJ7e,XVJ,JnBscb3II0,ketKyCCnv,LR4m7WoswQ,xOR6IesP
