8B6ilVJzm0,y55SPTpS2
UJMp1J,1hOVytyV8
Yi2nWHCqF,SStGy5
