1jF7WoBg,9LV,yMHFjOY
8BAiUoZV,gNdziJ3Ww
xgmXEBCg7,InzZfbN8
