GhT,sYgx,bPZ,kDjcPc,BTlEASDFDh,Mp2x9TM9,Jr0RJJSJ2U,34aN2aC1,6Zl94qn,UzJx
