G60iG0,HXI8
InI,Z5Yv
uJwfRMTvxv,O769t
zEpMy6R1G,HSy
