0FPN3H1Sl,RqdqKJYTy,Vtws58M,PWgHNRq
KSKgDg,sfb,UlZ,uta
hHvOrc1GSl,U17I
jxhig,DjvUN,vidGh7Xi
