QQrcK      64FcO      oEju2u     StM25V3    GG1jjm5    YklK4u     RjFdZ      x10mx      HIaN11     2lJsggxpAG eRP421bE3X
372vq5h1   kV5ya      YTCX       1SZ        KR2KZ8     xKH2Nj7    e4v89zM    POM5utkAA  EqfF       VJ78pTZjM  aCoMS     
FsJtPJzPz  JSnusEmTE  3sr6g      DvLyeMGOgR zGSH       cXBlUVXw   T2K5DFD    bEg        TNSkZY8Hyy XTxyOMl    0SZVpg    
wtyFz      Iol        4Ft3MJ     AGGP663    JtcX       Wu8LX      vAk3tUEw   nH3p       hwg0iy     jPWgc      NULL      
3UWfCul    UJDpebj    a3Y        D2Dc       p4D8       yd6P9uZXnV Nj05jqO    ABUF       BMOQiI8C   pFb75Cl9   LVZd1     
GAKDQwE    Gs9JV      J1cNAcB    JcYt       f4cTSfWBAQ qEDRG8R2Oc U0ZHmDc1   ErxgOTN    UXY1Ga     s8jtq      3MEQ6y    
AOpyKa     rDU0px5fpm 2ac        QIQ        TIihNb     77XI2bjCXy ukasKXU    HFvu       wCbMbhCz9F xZlsIP4S   NULL      
B8jQ1      Ud3OMzua   iiD        sRrsCsJuG  WCB        Z1mdi3Qhu  DQzR       u5AtJSSnhT MlWGg      bY7jaqror  gwmf      
