VGT        WkT        WTx5uKFo8  xSDh0t78   Jhr        G4WpU4kg  
