co9I       uxRpF9foyY gzeqkk2    jzRone     mZ6djPUhi 
pSFH       wWHL       4pBU       Lo6uHHmg   CvGgRG    
hXtOYzYkq5 YlLzUCdWg3 N21K       kB2dCAX    PHdhX     
OcUWcaym   RkcgIni5hS Lc4r       MmgSj0dDub Xe2SZ     
bSGG5IkFTF VLt6hz     S2iIWaFL   IYVGxr     NULL      
R1Fl       LYoRvV     Z8Ymlyq    sNHka      NULL      
