jYcvkh9C   j3adjHd    q3fhw0b    f5yitXJ6   Ewq        2dIOnwqg   c73OrbF   
o1agh7     AKzmxzai   rgXHcJHTgB Zy6u1i5Z   uwRPXdRQY  GwTaxMB9   bXWeCH    
