John       M          35         Student    NULL      
Mary       F          45         Teacher    22        
Bob        M          12         Cook       75        
Kobe       M          40         Cook       NULL      
