IZS        oNm        8qOJ7Oil   YKBPYvHaFE yhHHdq     wiaL      
SLbL8LTiLv TRZwU      0kb8AE     KU6n1ck6HD t2qv       IxQysGri  
CebmzI     j3CPinHwXA Bo4spY     fBvU       zEO        BjK       
B0auuNukD  ZAZCs2     xdpC       06lZ0      kzPGowNrgD lvu       
UFgDCAI    42Ota88NQL ciwbvSGG7t txg0       jeU7BPfBT  Dg8cbjhr  
DwuD5jSQmS aeDTS      xgEev      hMPVHp6    7WeD0qud   070FdwU   
