aQHy8P     7lreh8ssip 8XPn6      8L5Clsga   caa        NULL      
G3r        ruK        kWeKDCFy   D4LB       ZLmUm2     NULL      
kaV6       59I        UN0XY      1sqOR      MfDQFf2    0Tyna0    
TXl        930V9CD    XNtJ4OFsYB xTDdFqVFbI 0ER        ilKdNI    
tLeidMbD   wRmVRBnfev 0qad8s     EcRKj5kXei 1awgRhwa   vvwQdH3b  
YNCPACx    3Xm        9Wzkz2fR   RtFb       q6L2Hngf   bvdK6aqB4 
7DidBSW8   RIB3zf     s6LJnT     DnvaJK6d8  5kK0Jw3    NULL      
