hnrPsq2Hb  Nydt       Aj1        NULL      
83me1      HqDyvMIxbA JzQHfWgk8  NULL      
n4fLrU4z8y 9ZoYOYJ9   cDhzhPxz   UaPU      
0QmpBCk    DnTceE     wpD        91eJ      
C7o9ZMR    WU1KU      eMmfadwc8  NULL      
RLtlmq     ABXnHMwHK  yron       XU5FoAP2n 
sIB        G9OJJkL6   lLnhwDxZd  NULL      
ckOyimk    uGBZXfIOF  aqVUZ4m    1gtZA     
eaGZ3      dufbw9uh59 pxLRN      NULL      
