6So        HAUfTg6    US0UUjSk   zD2scsXuG 
3MxQsOnq   fmaWZa8JV  tK5Rpo0vA  xqc4      
Y1tNmA     BNZDV      rKj        bonQ4K    
Ox4D6      vsHSum     Er9zT7w    yMCt      
