John       Male       30         Taiwan     Q23331    
Mary       Female     40         USA        E23531    
