1B4        QVBayNoJ   n25ahZhaC1 meYjLq7e   akOnGWJqdb IRiW       2Hi9KVJ    RdFPEiH    NULL      
ZVgTm      4Ij        lucOwR0ls  utQ8       PHD        qwaUAI0lme nOzZ0ff1u  QUm21Fb1B5 bHRI1Rax  
