QAU3z0     3XHQ       RGDnnu     Mlgv9b    
5BLDH      okyQ       rNjY0A9yFh KQWgOyR   
