sdi1       8NB        LekeyqE    S6m        NULL      
QrpB       ENEg       wfqQebI    sMuH       NULL      
O0uagsXdU  90QlbJhj   aMUu8E     ubg        NULL      
nAeDn0SD   YEo        rI6LoTCH   vNHgd7q    20gfWB    
yWgcY2     hIkzECizE  Dk726h4z   BlZVF85    NULL      
aOZUmwNz   t72bAr     LMTUYGJNTa kQWGw0URhQ 1g3dygAm5 
uYZsDrmPPP KjA4       Cjqpv2WP8  7gKs       Fzd1o83Qe 
ewsVm      WiiZZ      ntX        YMyJddE    NULL      
tORW       RAs        GDpbwT     f7L7       NULL      
