John       Male       35         NULL      
Mary       Female     45         A12455    
Ashlee     Female     12         NULL      
Mia        Female     75         DEE123    
Bob        Male       12         B55233    
