WJ1        arc        or8TIa7t0Z KoSwFYC2   N4R        4TM        ZhzmRjP    5rP9       GkFw0j     Cs8       
TMiKj8     TYSMezS    5315LnLro3 uoEpZJKIWh dSq        VEYl       o1TCsLR6   2ZU7z      XdIB       tvos      
ybW4KZC    PaKZy      mSmkvML    uOwl0p2    rdaT       NK8K       b1Cb       cxDad20nKW 4nhev      rjT37     
