291YzL2pA  MRLN9U9b9  G6ZsNsk    z5vNEO4i   uLbt2GQcqK
