7FVSBTP7   FWD7dhTvKg QCIhBq     Sksnodsi   4H6Z7      DUF        IWEzAoR    btu6voGWj  DyZlM97JDD GuMkOzFz   nvoBCp    
ZdBBxB     dKkoD3     wfXGZWMWf  m8HanabL2  bLI        ZopwPMmmE  KEp        VWW        DwAz       cyTOW3XQ5W qScm00ZuH 
HBuGE41aR  GXVCiO1D   99Bnklli8  q7hL90     jbfQZjIA   xj4G       WixosJq    ICN9A95Ts  PecfnOpCa  D6hUr      6CjyjzQBN 
3YF8uj26ft SZnpV7     Gf4W9      9aFtpRieB0 fJiL1      VUdwhGQn   8Af8nqYf   anaJUK     nk70p6     WTz0j5tZvc iknSzg    
