領_男 6
頭_子 6
三_人 4
一_雨 3
的_個 3
的_著 3
的_音 3
看_來 3
逃_者 3
過_去 3
