僧_道 7
一_一 6
士_聽 6
道_道 6
那_人 6
那_道 6
隱_了 6
來_一 5
空_人 5
空_道 5
