澎_的 5
1_館 4
旅_社 4
澎_縣 4
特_諾 4
米_1 4
諾_號 4
來_澎 3
到_湖 3
搭_機 3
