同_也 3
李_億 3
1_分 2
1_籃 2
a_i 2
也_打 2
你_得 2
你_心 2
吳_駿 2
因_他 2
