鳳_微 14
碧_廳 9
指_使 8
崖_上 6
羽_指 5
衛_揮 5
金_衛 5
一_間 3
爬_去 3
一_不 2
