國_奧 8
際_會 8
名_投 7
正_公 7
中_台 6
奧_名 6
華_北 6
參_權 5
東_正 5
北_會 4
