B_T 3
幹_就 2
是_說 2
而_在 2
9_子 1
K_樣 1
N_T 1
R_也 1
R_有 1
R_組 1
