鳳_微 10
二_子 9
似_在 3
勾_窗 3
崖_上 3
弈_聲 3
的_音 3
知_知 3
碧_廳 3
一_倒 2
