之_也 4
以_先 4
先_之 3
中_事 2
以_之 2
以_陛 2
先_遺 2
忠_之 2
悉_咨 2
愚_為 2
