血_屠 9
那_子 8
領_男 6
頭_子 6
的_影 5
子_著 4
這_子 4
一_手 3
了_來 3
他_然 3
