臺_市 13
臺_的 6
9_0 4
中_民 4
北_城 4
市_圍 4
為_灣 4
的_北 4
臺_縣 4
華_國 4
