大_太 28
宋_太 27
顧_之 23
宋_兒 15
宋_繁 9
賴_坤 9
的_候 7
孫_媽 6
的_子 6
了_來 4
