鳳_微 15
不_這 4
在_壁 4
崖_上 4
了_去 3
抱_了 3
的_著 3
經_了 3
著_的 3
黃_人 3
