那_獃 11
包_同 10
那_生 8
風_惡 8
判_筆 7
書_子 7
那_子 7
大_尚 6
人_不 5
儒_道 5
