那_子 12
血_屠 7
了_來 4
男_卻 4
下_了 3
了_去 3
你_族 3
半_中 3
向_年 3
大_皇 3
