柯_哲 6
8_0 5
票_果 5
7_9 4
丁_中 3
開_結 3
黃_瑩 3
1_點 2
8_7 2
9_3 2
