太_太 19
皇_后 19
趙_道 10
是_奶 9
奶_的 6
舉_動 5
輕_妄 5
這_年 5
不_的 4
只_過 4
