跳_詞 5
標_符 4
點_號 4
的_個 3
的_連 3
中_跳 2
使_者 2
到_排 2
所_的 2
有_跳 2
